<html>
<body>
<pre>
<h1>µVision Build Log</h1>
<h2>Tool Versions:</h2>
IDE-Version: ¦ÌVision V5.25.2.0
Copyright (C) 2018 ARM Ltd and ARM Germany GmbH. All rights reserved.
License Information: Shen Qu, NBUT, LIC=9N0Z9-4437Q-22FL4-FBHJ7-2UWXD-C94KZ
 
Tool Versions:
Toolchain:       MDK-ARM Professional  Version: 5.25.2.0
Toolchain Path:  C:\Keil_v5\ARM\ARMCC\Bin
C Compiler:      Armcc.exe V5.06 update 6 (build 750)
Assembler:       Armasm.exe V5.06 update 6 (build 750)
Linker/Locator:  ArmLink.exe V5.06 update 6 (build 750)
Library Manager: ArmAr.exe V5.06 update 6 (build 750)
Hex Converter:   FromElf.exe V5.06 update 6 (build 750)
CPU DLL:         SARMCM3.DLL V5.25.2.0
Dialog DLL:      DCM.DLL V1.17.1.0
Target DLL:      STLink\ST-LINKIII-KEIL_SWO.dll V3.0.1.0
Dialog DLL:      TCM.DLL V1.35.1.0
 
<h2>Project:</h2>
D:\RoboMaster\robomaster\MDK-ARM\robomaster.uvprojx
Project File Date:  01/19/2019

<h2>Output:</h2>
*** Using Compiler 'V5.06 update 6 (build 750)', folder: 'C:\Keil_v5\ARM\ARMCC\Bin'
Build target 'General'
assembling startup_stm32f427xx.s...
compiling tool_ahrs.c...
compiling tool_pid.c...
compiling tool_kalmanf.c...
compiling bsp_imu.c...
compiling bsp_io.c...
compiling bsp_oled.c...
compiling task_display.c...
compiling bsp_uart.c...
compiling task_imu.c...
compiling task_debug.c...
compiling main.c...
compiling adc.c...
compiling gpio.c...
compiling can.c...
compiling fatfs_platform.c...
compiling dma.c...
compiling bsp_driver_sd.c...
compiling fatfs.c...
compiling sd_diskio.c...
compiling usbd_conf.c...
compiling sdio.c...
compiling usb_device.c...
compiling spi.c...
compiling tim.c...
compiling usbd_desc.c...
compiling freertos.c...
compiling usart.c...
compiling stm32f4xx_it.c...
compiling stm32f4xx_hal_pcd_ex.c...
compiling stm32f4xx_hal_pcd.c...
compiling stm32f4xx_hal_timebase_tim.c...
compiling usbd_cdc_if.c...
compiling stm32f4xx_hal_msp.c...
compiling stm32f4xx_ll_usb.c...
compiling stm32f4xx_hal_adc.c...
compiling stm32f4xx_ll_sdmmc.c...
compiling stm32f4xx_hal_spi.c...
compiling stm32f4xx_hal_adc_ex.c...
compiling stm32f4xx_hal_can.c...
compiling stm32f4xx_hal_sd.c...
compiling stm32f4xx_hal_tim_ex.c...
compiling stm32f4xx_hal_rcc_ex.c...
compiling stm32f4xx_hal_flash_ex.c...
compiling stm32f4xx_hal_rcc.c...
compiling stm32f4xx_hal_uart.c...
compiling stm32f4xx_hal_flash.c...
compiling stm32f4xx_hal_tim.c...
compiling stm32f4xx_hal_flash_ramfunc.c...
compiling stm32f4xx_hal_cortex.c...
compiling stm32f4xx_hal_pwr.c...
compiling croutine.c...
compiling stm32f4xx_hal_gpio.c...
compiling event_groups.c...
compiling list.c...
compiling queue.c...
compiling stm32f4xx_hal_dma.c...
compiling timers.c...
compiling tasks.c...
compiling stm32f4xx_hal_dma_ex.c...
compiling heap_4.c...
compiling cmsis_os.c...
compiling port.c...
compiling stm32f4xx_hal_pwr_ex.c...
compiling stm32f4xx_hal.c...
compiling system_stm32f4xx.c...
compiling ff_gen_drv.c...
compiling usbd_core.c...
compiling usbd_ioreq.c...
compiling usbd_ctlreq.c...
compiling ccsbcs.c...
compiling diskio.c...
compiling syscall.c...
compiling ff.c...
compiling usbd_cdc.c...
linking...
Program Size: Code=49480 RO-data=1412 RW-data=1600 ZI-data=28680  
FromELF: creating hex file...
".\robomaster\robomaster.axf" - 0 Error(s), 0 Warning(s).

<h2>Software Packages used:</h2>

Package Vendor: Keil
                http://www.keil.com/pack/Keil.STM32F4xx_DFP.2.13.0.pack
                Keil.STM32F4xx_DFP.2.13.0
                STMicroelectronics STM32F4 Series Device Support, Drivers and Examples

<h2>Collection of Component include folders:</h2>
  .\RTE\_General
  C:\Keil_v5\ARM\PACK\Keil\STM32F4xx_DFP\2.13.0\Drivers\CMSIS\Device\ST\STM32F4xx\Include

<h2>Collection of Component Files used:</h2>
Build Time Elapsed:  00:01:18
</pre>
</body>
</html>
